version: (200506)

available memory: 64M bytes
used memory: 2M bytes [need 2M bytes if disable swap]

used block: 105 [memory(105) file(0)]
                 [ 8K(93) 64K(12) { total 2M bytes } ]
overhead: (16144) bytes for (105) blocks [Average: (153) bytes/block]

write  => 0(times) 0K(bytes) [0K bytes to file]
read   => 12(times) 711K(bytes) [92K bytes compressed data from file]
access => 8568961(times) 67096M(bytes)
          [hit ratio: 99.9999%]

time: write(0) read(0)  unit: second

swap file directory: (/home/student/Documents/1602-23-735-163/proj-dir/rtl/verdiLog)
used swap file number: (8)



swap file manager:
arrSize: (256)
idxCnt: (9)
closeHead: (1)
closeTail: (8)
openCnt: (7)
fid(8): fd(1073741829) fileName(/home/student/Documents/1602-23-735-163/proj-dir/rtl/simv.daidir/kdb.elab++/work.lib++/axi_soc_top.v.tdc)
	size(37175) lastModTime(1789808746) curModTime(1789808746)
	mode(rb)	hot(0) cool(7) pos(0)
fid(7): fd(1073741828) fileName(/home/student/Documents/1602-23-735-163/proj-dir/rtl/simv.daidir/kdb.elab++/work.lib++/axi4_to_axi4lite_uart_adapter.v.tdc)
	size(21943) lastModTime(1789808746) curModTime(1789808746)
	mode(rb)	hot(8) cool(6) pos(0)
fid(6): fd(1073741827) fileName(/home/student/Documents/1602-23-735-163/proj-dir/rtl/simv.daidir/kdb.elab++/work.lib++/axi_interconnect_wrap_3x10.v.tdc)
	size(33082) lastModTime(1789808746) curModTime(1789808746)
	mode(rb)	hot(7) cool(5) pos(0)
fid(5): fd(1073741826) fileName(/home/student/Documents/1602-23-735-163/proj-dir/rtl/simv.daidir/kdb.elab++/work.lib++/axi_uart_top.v.tdc)
	size(26715) lastModTime(1789808746) curModTime(1789808746)
	mode(rb)	hot(6) cool(4) pos(0)
fid(4): fd(1073741825) fileName(/home/student/Documents/1602-23-735-163/proj-dir/rtl/simv.daidir/kdb.elab++/work.lib++/tb_axi_soc_top_smoke.v.tdc)
	size(29623) lastModTime(1789808746) curModTime(1789808746)
	mode(rb)	hot(5) cool(2) pos(0)
fid(3): fd(0) fileName(/home/student/Documents/1602-23-735-163/proj-dir/rtl/simv.daidir/kdb.elab++/work.lib++/uvm_custom_install_verdi_recorder.sv.tdc)
	size(15455) lastModTime(1789808746) curModTime(1789808746)
	mode(rb)	hot(0) cool(0) pos(0)
fid(2): fd(24) fileName(/home/student/Documents/1602-23-735-163/proj-dir/rtl/verdiLog/_swap_0001#8323328#195699)
	size(0) lastModTime(0) curModTime(1789810136)
	mode(w+b)	hot(4) cool(1) pos(0)
fid(1): fd(1073741824) fileName(/home/student/Documents/1602-23-735-163/proj-dir/rtl/simv.daidir/kdb.elab++/work.lib++/tb_axi4_to_axi4lite_uart_adapter.v.tdc)
	size(19941) lastModTime(1789808746) curModTime(1789808746)
	mode(rb)	hot(2) cool(0) pos(0)
fid(0): fd(0) fileName(NULL)
	mode(NULL)	hot(0) cool(0) pos(0)
==================================================
mySelf(0x1b438120) pre(0x197b7e90) next((nil))
version(200506)
date(Feb  1 2023 02:39:48)
