version: (200506)

available memory: 64M bytes
used memory: 81920 bytes [need 80K bytes if disable swap]

used block: 3 [memory(3) file(0)]
                 [ 8K(2) 64K(1) { total 80K bytes } ]
overhead: (9555) bytes for (3) blocks [Average: (3185) bytes/block]

write  => 0(times) 0K(bytes) [0K bytes to file]
read   => 1(times) 63K(bytes) [17K bytes compressed data from file]
access => 49999(times) 396M(bytes)
          [hit ratio: 99.998%]

time: write(0) read(0)  unit: second

swap file directory: (/home/student/Documents/1602-23-735-163/IPs/aes_core-master/VerdiLog)
used swap file number: (1)



swap file manager:
arrSize: (256)
idxCnt: (3)
closeHead: (1)
closeTail: (2)
openCnt: (2)
fid(2): fd(26) fileName(/home/student/Documents/1602-23-735-163/IPs/aes_core-master/VerdiLog/_swap_0001#8323328#33954)
	size(0) lastModTime(0) curModTime(1788595367)
	mode(w+b)	hot(0) cool(1) pos(0)
fid(1): fd(1073741824) fileName(/home/student/Documents/1602-23-735-163/IPs/aes_core-master/simv.daidir/kdb.elab++/work.lib++/test_bench_top.v.tdc)
	size(25880) lastModTime(1788595349) curModTime(1788595349)
	mode(rb)	hot(2) cool(0) pos(0)
fid(0): fd(0) fileName(NULL)
	mode(NULL)	hot(0) cool(0) pos(0)
==================================================
mySelf(0x1b539610) pre(0x19d7c4e0) next((nil))
version(200506)
date(Feb  1 2023 02:39:48)
